ASxxxx Linker V03.00/V05.40 + sdld,  page 1.
Hexadecimal  [32-Bits]

Area                                    Addr        Size        Decimal Bytes (Attributes)
--------------------------------        ----        ----        ------- ----- ------------
.  .ABS.                            00000000    00000000 =           0. bytes (ABS,CON)

      Value  Global                              Global Defined In Module
      -----  --------------------------------   ------------------------
     00000000  .__.ABS.                           _startup
     00000000  l_CABS                          
     00000000  l_DABS                          
     00000000  l__CODE                         
     00000000  s_CABS                          
     00000000  s_DABS                          
     00000000  s__CODE                         
     00000001  l_SSEG                          
     00000001  s_DATA                          
     00000002  l_DATA                          
     00000002  l_INITIALIZED                   
     00000002  l_INITIALIZER                   
     00000003  l_GSFINAL                       
     00000003  s_INITIALIZED                   
     00000005  s_SSEG                          
     00000027  l_GSINIT                        
     0000003B  l_HOME                          
     000000F8  l_CONST                         
     00000B29  l_CODE                          
     00008000  s_HOME                          
     0000803B  s_GSINIT                        
     00008062  s_GSFINAL                       
     00008065  s_CONST                         
     0000815D  s_INITIALIZER                   
     0000815F  s_CODE                          

ASxxxx Linker V03.00/V05.40 + sdld,  page 2.
Hexadecimal  [32-Bits]

Area                                    Addr        Size        Decimal Bytes (Attributes)
--------------------------------        ----        ----        ------- ----- ------------
DATA                                00000001    00000002 =           2. bytes (REL,CON)

      Value  Global                              Global Defined In Module
      -----  --------------------------------   ------------------------
ASxxxx Linker V03.00/V05.40 + sdld,  page 3.
Hexadecimal  [32-Bits]

Area                                    Addr        Size        Decimal Bytes (Attributes)
--------------------------------        ----        ----        ------- ----- ------------
INITIALIZED                         00000003    00000002 =           2. bytes (REL,CON)

      Value  Global                              Global Defined In Module
      -----  --------------------------------   ------------------------
     00000003  _app_tick_flag                     app_builder

ASxxxx Linker V03.00/V05.40 + sdld,  page 4.
Hexadecimal  [32-Bits]

Area                                    Addr        Size        Decimal Bytes (Attributes)
--------------------------------        ----        ----        ------- ----- ------------
SSEG                                00000005    00000001 =           1. bytes (REL,CON)

      Value  Global                              Global Defined In Module
      -----  --------------------------------   ------------------------
ASxxxx Linker V03.00/V05.40 + sdld,  page 5.
Hexadecimal  [32-Bits]

Area                                    Addr        Size        Decimal Bytes (Attributes)
--------------------------------        ----        ----        ------- ----- ------------
HOME                                00008000    0000003B =          59. bytes (REL,CON)

      Value  Global                              Global Defined In Module
      -----  --------------------------------   ------------------------
ASxxxx Linker V03.00/V05.40 + sdld,  page 6.
Hexadecimal  [32-Bits]

Area                                    Addr        Size        Decimal Bytes (Attributes)
--------------------------------        ----        ----        ------- ----- ------------
GSINIT                              0000803B    00000027 =          39. bytes (REL,CON)

      Value  Global                              Global Defined In Module
      -----  --------------------------------   ------------------------
ASxxxx Linker V03.00/V05.40 + sdld,  page 7.
Hexadecimal  [32-Bits]

Area                                    Addr        Size        Decimal Bytes (Attributes)
--------------------------------        ----        ----        ------- ----- ------------
GSFINAL                             00008062    00000003 =           3. bytes (REL,CON)

      Value  Global                              Global Defined In Module
      -----  --------------------------------   ------------------------
ASxxxx Linker V03.00/V05.40 + sdld,  page 8.
Hexadecimal  [32-Bits]

Area                                    Addr        Size        Decimal Bytes (Attributes)
--------------------------------        ----        ----        ------- ----- ------------
CONST                               00008065    000000F8 =         248. bytes (REL,CON)

      Value  Global                              Global Defined In Module
      -----  --------------------------------   ------------------------
     00008103  _HSIDivFactor                      stm8s_clk
     00008107  _CLKPrescTable                     stm8s_clk

ASxxxx Linker V03.00/V05.40 + sdld,  page 9.
Hexadecimal  [32-Bits]

Area                                    Addr        Size        Decimal Bytes (Attributes)
--------------------------------        ----        ----        ------- ----- ------------
INITIALIZER                         0000815D    00000002 =           2. bytes (REL,CON)

      Value  Global                              Global Defined In Module
      -----  --------------------------------   ------------------------
ASxxxx Linker V03.00/V05.40 + sdld,  page 10.
Hexadecimal  [32-Bits]

Area                                    Addr        Size        Decimal Bytes (Attributes)
--------------------------------        ----        ----        ------- ----- ------------
CODE                                0000815F    00000B29 =        2857. bytes (REL,CON)

      Value  Global                              Global Defined In Module
      -----  --------------------------------   ------------------------
     00008163  _tim1_isr                          main
     00008175  _main                              main
     0000817E  _assert_failed                     assert_impl
     00008187  _app_builder_init                  app_builder
     00008192  _app_builder_run                   app_builder
     000081A1  _app_builder_tick                  app_builder
     000081C4  _data_acquisition_tick             data_acquisition
     000081C5  _user_interface_init               user_interface
     000081D7  _user_interface_update_message     user_interface
     0000821D  _clk_conf_init                     clk_conf
     0000825B  _timer_conf_init                   timer_conf
     00008285  _GPIO_DeInit                       stm8s_gpio
     00008293  _GPIO_Init                         stm8s_gpio
     0000836D  _GPIO_WriteHigh                    stm8s_gpio
     00008376  _GPIO_WriteLow                     stm8s_gpio
     00008382  _TIM1_DeInit                       stm8s_tim1
     0000841B  _TIM1_TimeBaseInit                 stm8s_tim1
     0000846F  _TIM1_ICInit                       stm8s_tim1
     0000856F  _TIM1_Cmd                          stm8s_tim1
     00008599  _TIM1_ITConfig                     stm8s_tim1
     000085DE  _TIM1_ARRPreloadConfig             stm8s_tim1
     00008608  _TIM1_SetIC1Prescaler              stm8s_tim1
     00008637  _TIM1_SetIC2Prescaler              stm8s_tim1
     00008666  _TIM1_SetIC3Prescaler              stm8s_tim1
     00008695  _TIM1_SetIC4Prescaler              stm8s_tim1
     000086C4  _TIM1_GetCapture1                  stm8s_tim1
     000086D3  _TIM1_ClearFlag                    stm8s_tim1
     00008700  _TIM1_ClearITPendingBit            stm8s_tim1
     00008806  _CLK_DeInit                        stm8s_clk
     0000883C  _CLK_HSECmd                        stm8s_clk
     00008866  _CLK_HSICmd                        stm8s_clk
     00008890  _CLK_LSICmd                        stm8s_clk
     000088BA  _CLK_ClockSwitchCmd                stm8s_clk
     000088E4  _CLK_PeripheralClockConfig         stm8s_clk
     000089AE  _CLK_ClockSwitchConfig             stm8s_clk
     00008AB4  _CLK_HSIPrescalerConfig            stm8s_clk
     00008AE9  _CLK_SYSCLKConfig                  stm8s_clk
     00008B67  _CLK_GetClockFreq                  stm8s_clk
     00008BAE  _CLK_GetFlagStatus                 stm8s_clk
     00008C2D  __divulong                         _divulong
     00008C86  ___sdcc_external_startup           _startup

ASxxxx Linker V03.00/V05.40 + sdld,  page 11.

Files Linked                              [ module(s) ]

CMakeFiles/IonizationChamber.dir/main.c.rel
                                          [ main ]
CMakeFiles/IonizationChamber.dir/assert_impl.c.rel
                                          [ assert_impl ]
CMakeFiles/IonizationChamber.dir/Application/app_builder.c.rel
                                          [ app_builder ]
CMakeFiles/IonizationChamber.dir/Application/data_acquisition.c.rel
                                          [ data_acquisition ]
CMakeFiles/IonizationChamber.dir/Driver/user_interface.c.rel
                                          [ user_interface ]
CMakeFiles/IonizationChamber.dir/Driver/clk_conf.c.rel
                                          [ clk_conf ]
CMakeFiles/IonizationChamber.dir/Driver/timer_conf.c.rel
                                          [ timer_conf ]


Libraries Linked                          [ object file ]

lib/stm8s.lib                             [ stm8s_gpio.c.rel ]
lib/stm8s.lib                             [ stm8s_tim1.c.rel ]
lib/stm8s.lib                             [ stm8s_clk.c.rel ]
/usr/bin/../share/sdcc/lib/stm8/stm8.lib  [ _divulong.rel ]
/usr/bin/../share/sdcc/lib/stm8/stm8.lib  [ _startup.rel ]

ASxxxx Linker V03.00/V05.40 + sdld,  page 12.

User Base Address Definitions

HOME = 0x8000
DATA = 0x0001

