ASxxxx Linker V03.00/V05.40 + sdld,  page 1.
Hexadecimal  [32-Bits]

Area                                    Addr        Size        Decimal Bytes (Attributes)
--------------------------------        ----        ----        ------- ----- ------------
.  .ABS.                            00000000    00000000 =           0. bytes (ABS,CON)

      Value  Global                              Global Defined In Module
      -----  --------------------------------   ------------------------
     00000000  .__.ABS.                           
     00000000  l_CABS                          
     00000000  l_DABS                          
     00000000  l_DATA                          
     00000000  l__CODE                         
     00000000  s_CABS                          
     00000000  s_DABS                          
     00000000  s__CODE                         
     00000001  l_SSEG                          
     00000001  s_DATA                          
     00000001  s_INITIALIZED                   
     00000003  l_GSFINAL                       
     00000004  l_INITIALIZED                   
     00000004  l_INITIALIZER                   
     00000005  s_SSEG                          
     00000023  l_GSINIT                        
     0000003B  l_HOME                          
     000001E4  l_CONST                         
     000016C2  l_CODE                          
     00008000  s_HOME                          
     0000803B  s_GSINIT                        
     0000805E  s_GSFINAL                       
     00008061  s_CONST                         
     00008245  s_INITIALIZER                   
     00008249  s_CODE                          

ASxxxx Linker V03.00/V05.40 + sdld,  page 2.
Hexadecimal  [32-Bits]

Area                                    Addr        Size        Decimal Bytes (Attributes)
--------------------------------        ----        ----        ------- ----- ------------
INITIALIZED                         00000001    00000004 =           4. bytes (REL,CON)

      Value  Global                              Global Defined In Module
      -----  --------------------------------   ------------------------
     00000003  _app_tick_flag                     app_builder

ASxxxx Linker V03.00/V05.40 + sdld,  page 3.
Hexadecimal  [32-Bits]

Area                                    Addr        Size        Decimal Bytes (Attributes)
--------------------------------        ----        ----        ------- ----- ------------
SSEG                                00000005    00000001 =           1. bytes (REL,CON)

      Value  Global                              Global Defined In Module
      -----  --------------------------------   ------------------------
ASxxxx Linker V03.00/V05.40 + sdld,  page 4.
Hexadecimal  [32-Bits]

Area                                    Addr        Size        Decimal Bytes (Attributes)
--------------------------------        ----        ----        ------- ----- ------------
HOME                                00008000    0000003B =          59. bytes (REL,CON)

      Value  Global                              Global Defined In Module
      -----  --------------------------------   ------------------------
ASxxxx Linker V03.00/V05.40 + sdld,  page 5.
Hexadecimal  [32-Bits]

Area                                    Addr        Size        Decimal Bytes (Attributes)
--------------------------------        ----        ----        ------- ----- ------------
GSINIT                              0000803B    00000023 =          35. bytes (REL,CON)

      Value  Global                              Global Defined In Module
      -----  --------------------------------   ------------------------
ASxxxx Linker V03.00/V05.40 + sdld,  page 6.
Hexadecimal  [32-Bits]

Area                                    Addr        Size        Decimal Bytes (Attributes)
--------------------------------        ----        ----        ------- ----- ------------
GSFINAL                             0000805E    00000003 =           3. bytes (REL,CON)

      Value  Global                              Global Defined In Module
      -----  --------------------------------   ------------------------
ASxxxx Linker V03.00/V05.40 + sdld,  page 7.
Hexadecimal  [32-Bits]

Area                                    Addr        Size        Decimal Bytes (Attributes)
--------------------------------        ----        ----        ------- ----- ------------
CONST                               00008061    000001E4 =         484. bytes (REL,CON)

      Value  Global                              Global Defined In Module
      -----  --------------------------------   ------------------------
     0000819B  _HSIDivFactor                      stm8s_clk
     0000819F  _CLKPrescTable                     stm8s_clk

ASxxxx Linker V03.00/V05.40 + sdld,  page 8.
Hexadecimal  [32-Bits]

Area                                    Addr        Size        Decimal Bytes (Attributes)
--------------------------------        ----        ----        ------- ----- ------------
INITIALIZER                         00008245    00000004 =           4. bytes (REL,CON)

      Value  Global                              Global Defined In Module
      -----  --------------------------------   ------------------------
ASxxxx Linker V03.00/V05.40 + sdld,  page 9.
Hexadecimal  [32-Bits]

Area                                    Addr        Size        Decimal Bytes (Attributes)
--------------------------------        ----        ----        ------- ----- ------------
CODE                                00008249    000016C2 =        5826. bytes (REL,CON)

      Value  Global                              Global Defined In Module
      -----  --------------------------------   ------------------------
     0000824D  _timer_isr                         main
     00008282  _main                              main
     000082B0  _assert_failed                     assert_impl
     000082B9  _delay_ms                          app_builder
     000082DD  _app_builder_init                  app_builder
     000082F7  _app_builder_run                   app_builder
     00008303  _app_builder_tick                  app_builder
     0000831B  _user_interface_init               user_interface
     0000832D  _user_interface_update_message     user_interface
     00008373  _clk_conf_init                     clk_conf
     000083B1  _timer_conf_init                   timer_conf
     000083DA  _TRAP_IRQHandler                   stm8_it
     000083E0  _TLI_IRQHandler                    stm8_it
     000083E6  _AWU_IRQHandler                    stm8_it
     000083EC  _CLK_IRQHandler                    stm8_it
     000083F2  _EXTI_PORTA_IRQHandler             stm8_it
     000083F8  _EXTI_PORTB_IRQHandler             stm8_it
     000083FE  _EXTI_PORTC_IRQHandler             stm8_it
     00008404  _EXTI_PORTD_IRQHandler             stm8_it
     0000840A  _EXTI_PORTE_IRQHandler             stm8_it
     00008410  _SPI_IRQHandler                    stm8_it
     00008416  _TIM1_UPD_OVF_TRG_BRK_IRQHandler   stm8_it
     00008433  _TIM1_CAP_COM_IRQHandler           stm8_it
     00008439  _TIM2_UPD_OVF_BRK_IRQHandler       stm8_it
     0000843F  _TIM2_CAP_COM_IRQHandler           stm8_it
     00008445  _UART1_TX_IRQHandler               stm8_it
     00008446  _UART1_RX_IRQHandler               stm8_it
     00008447  _I2C_IRQHandler                    stm8_it
     0000844D  _ADC1_IRQHandler                   stm8_it
     00008453  _TIM4_UPD_OVF_IRQHandler           stm8_it
     00008459  _EEPROM_EEC_IRQHandler             stm8_it
     0000845F  _GPIO_DeInit                       stm8s_gpio
     0000846D  _GPIO_Init                         stm8s_gpio
     00008547  _GPIO_WriteHigh                    stm8s_gpio
     00008550  _GPIO_WriteLow                     stm8s_gpio
     0000855C  _I2C_DeInit                        stm8s_i2c
     00008581  _I2C_Init                          stm8s_i2c
     00008739  _I2C_Cmd                           stm8s_i2c
     00008763  _I2C_GenerateSTART                 stm8s_i2c
     0000878D  _I2C_GenerateSTOP                  stm8s_i2c
     000087B7  _I2C_AcknowledgeConfig             stm8s_i2c
     0000880B  _I2C_ITConfig                      stm8s_i2c
     00008869  _I2C_ReceiveData                   stm8s_i2c
     0000886D  _I2C_Send7bitAddress               stm8s_i2c
     000088A5  _I2C_SendData                      stm8s_i2c
     000088A9  _I2C_CheckEvent                    stm8s_i2c
     00008965  _I2C_GetFlagStatus                 stm8s_i2c
     000089FC  _TIM1_DeInit                       stm8s_tim1
     00008A95  _TIM1_TimeBaseInit                 stm8s_tim1
     00008AE9  _TIM1_ICInit                       stm8s_tim1
ASxxxx Linker V03.00/V05.40 + sdld,  page 10.
Hexadecimal  [32-Bits]

Area                                    Addr        Size        Decimal Bytes (Attributes)
--------------------------------        ----        ----        ------- ----- ------------
CODE                                00008249    000016C2 =        5826. bytes (REL,CON)

      Value  Global                              Global Defined In Module
      -----  --------------------------------   ------------------------
     00008BE9  _TIM1_Cmd                          stm8s_tim1
     00008C13  _TIM1_ITConfig                     stm8s_tim1
     00008C58  _TIM1_ARRPreloadConfig             stm8s_tim1
     00008C82  _TIM1_SetIC1Prescaler              stm8s_tim1
     00008CB1  _TIM1_SetIC2Prescaler              stm8s_tim1
     00008CE0  _TIM1_SetIC3Prescaler              stm8s_tim1
     00008D0F  _TIM1_SetIC4Prescaler              stm8s_tim1
     00008D3E  _TIM1_GetCapture1                  stm8s_tim1
     00008D4D  _TIM1_ClearFlag                    stm8s_tim1
     00008D7A  _TIM1_ClearITPendingBit            stm8s_tim1
     00008E80  _ITC_GetCPUCC                      stm8s_itc
     00008E83  _ITC_DeInit                        stm8s_itc
     00008EA4  _ITC_GetSoftIntStatus              stm8s_itc
     00008EAA  _ITC_GetSoftwarePriority           stm8s_itc
     00008F6E  _ITC_SetSoftwarePriority           stm8s_itc
     000090AA  _CLK_DeInit                        stm8s_clk
     000090E0  _CLK_HSECmd                        stm8s_clk
     0000910A  _CLK_HSICmd                        stm8s_clk
     00009134  _CLK_LSICmd                        stm8s_clk
     0000915E  _CLK_ClockSwitchCmd                stm8s_clk
     00009188  _CLK_PeripheralClockConfig         stm8s_clk
     00009252  _CLK_ClockSwitchConfig             stm8s_clk
     00009358  _CLK_HSIPrescalerConfig            stm8s_clk
     0000938D  _CLK_SYSCLKConfig                  stm8s_clk
     0000940B  _CLK_GetClockFreq                  stm8s_clk
     00009452  _CLK_GetFlagStatus                 stm8s_clk
     000094D1  _UART1_DeInit                      stm8s_uart1
     000094FC  _UART1_Init                        stm8s_uart1
     00009748  _UART1_Cmd                         stm8s_uart1
     00009760  _UART1_SendData8                   stm8s_uart1
     00009764  _UART1_GetFlagStatus               stm8s_uart1
     000097F1  _UART1_ClearFlag                   stm8s_uart1
     0000981D  __divulong                         _divulong
     00009876  ___sdcc_external_startup           _startup
     00009878  __mullong                          
     000098F4  __divsint                          

ASxxxx Linker V03.00/V05.40 + sdld,  page 11.

Files Linked                              [ module(s) ]

CMakeFiles/IonizationChamber.dir/main.c.rel
                                          [ main ]
CMakeFiles/IonizationChamber.dir/assert_impl.c.rel
                                          [ assert_impl ]
CMakeFiles/IonizationChamber.dir/Application/app_builder.c.rel
                                          [ app_builder ]
CMakeFiles/IonizationChamber.dir/Driver/user_interface.c.rel
                                          [ user_interface ]
CMakeFiles/IonizationChamber.dir/Driver/clk_conf.c.rel
                                          [ clk_conf ]
CMakeFiles/IonizationChamber.dir/Driver/timer_conf.c.rel
                                          [ timer_conf ]
CMakeFiles/IonizationChamber.dir/Driver/stm8_it.c.rel
                                          [ stm8_it ]
CMakeFiles/IonizationChamber.dir/STM8S_StdPeriph_Lib/src/stm8s_gpio.c.rel
                                          [ stm8s_gpio ]
CMakeFiles/IonizationChamber.dir/STM8S_StdPeriph_Lib/src/stm8s_i2c.c.rel
                                          [ stm8s_i2c ]
CMakeFiles/IonizationChamber.dir/STM8S_StdPeriph_Lib/src/stm8s_tim1.c.rel
                                          [ stm8s_tim1 ]
CMakeFiles/IonizationChamber.dir/STM8S_StdPeriph_Lib/src/stm8s_itc.c.rel
                                          [ stm8s_itc ]
CMakeFiles/IonizationChamber.dir/STM8S_StdPeriph_Lib/src/stm8s_clk.c.rel
                                          [ stm8s_clk ]
CMakeFiles/IonizationChamber.dir/STM8S_StdPeriph_Lib/src/stm8s_uart1.c.rel
                                          [ stm8s_uart1 ]


Libraries Linked                          [ object file ]

/usr/bin/../share/sdcc/lib/stm8/stm8.lib  [ _divulong.rel ]
/usr/bin/../share/sdcc/lib/stm8/stm8.lib  [ _startup.rel ]
/usr/bin/../share/sdcc/lib/stm8/stm8.lib  [ _mullong.rel ]
/usr/bin/../share/sdcc/lib/stm8/stm8.lib  [ _divsint.rel ]

ASxxxx Linker V03.00/V05.40 + sdld,  page 12.

User Base Address Definitions

HOME = 0x8000
DATA = 0x0001

